Archive member included to satisfy reference by file (symbol)

C:/ST/STM32CubeIDE_1.19.0/STM32CubeIDE/plugins/com.st.stm32cube.ide.mcu.externaltools.gnu-tools-for-stm32.13.3.rel1.win32_1.0.0.202411081344/tools/bin/../lib/gcc/arm-none-eabi/13.3.1/../../../../arm-none-eabi/lib/thumb/v7e-m/nofp\libc_nano.a(libc_a-exit.o)
                              C:/ST/STM32CubeIDE_1.19.0/STM32CubeIDE/plugins/com.st.stm32cube.ide.mcu.externaltools.gnu-tools-for-stm32.13.3.rel1.win32_1.0.0.202411081344/tools/bin/../lib/gcc/arm-none-eabi/13.3.1/../../../../arm-none-eabi/lib/thumb/v7e-m/nofp/crt0.o (exit)
C:/ST/STM32CubeIDE_1.19.0/STM32CubeIDE/plugins/com.st.stm32cube.ide.mcu.externaltools.gnu-tools-for-stm32.13.3.rel1.win32_1.0.0.202411081344/tools/bin/../lib/gcc/arm-none-eabi/13.3.1/../../../../arm-none-eabi/lib/thumb/v7e-m/nofp\libc_nano.a(libc_a-findfp.o)
                              C:/ST/STM32CubeIDE_1.19.0/STM32CubeIDE/plugins/com.st.stm32cube.ide.mcu.externaltools.gnu-tools-for-stm32.13.3.rel1.win32_1.0.0.202411081344/tools/bin/../lib/gcc/arm-none-eabi/13.3.1/../../../../arm-none-eabi/lib/thumb/v7e-m/nofp\libc_nano.a(libc_a-exit.o) (__stdio_exit_handler)
C:/ST/STM32CubeIDE_1.19.0/STM32CubeIDE/plugins/com.st.stm32cube.ide.mcu.externaltools.gnu-tools-for-stm32.13.3.rel1.win32_1.0.0.202411081344/tools/bin/../lib/gcc/arm-none-eabi/13.3.1/../../../../arm-none-eabi/lib/thumb/v7e-m/nofp\libc_nano.a(libc_a-fwalk.o)
                              C:/ST/STM32CubeIDE_1.19.0/STM32CubeIDE/plugins/com.st.stm32cube.ide.mcu.externaltools.gnu-tools-for-stm32.13.3.rel1.win32_1.0.0.202411081344/tools/bin/../lib/gcc/arm-none-eabi/13.3.1/../../../../arm-none-eabi/lib/thumb/v7e-m/nofp\libc_nano.a(libc_a-findfp.o) (_fwalk_sglue)
C:/ST/STM32CubeIDE_1.19.0/STM32CubeIDE/plugins/com.st.stm32cube.ide.mcu.externaltools.gnu-tools-for-stm32.13.3.rel1.win32_1.0.0.202411081344/tools/bin/../lib/gcc/arm-none-eabi/13.3.1/../../../../arm-none-eabi/lib/thumb/v7e-m/nofp\libc_nano.a(libc_a-stdio.o)
                              C:/ST/STM32CubeIDE_1.19.0/STM32CubeIDE/plugins/com.st.stm32cube.ide.mcu.externaltools.gnu-tools-for-stm32.13.3.rel1.win32_1.0.0.202411081344/tools/bin/../lib/gcc/arm-none-eabi/13.3.1/../../../../arm-none-eabi/lib/thumb/v7e-m/nofp\libc_nano.a(libc_a-findfp.o) (__sread)
C:/ST/STM32CubeIDE_1.19.0/STM32CubeIDE/plugins/com.st.stm32cube.ide.mcu.externaltools.gnu-tools-for-stm32.13.3.rel1.win32_1.0.0.202411081344/tools/bin/../lib/gcc/arm-none-eabi/13.3.1/../../../../arm-none-eabi/lib/thumb/v7e-m/nofp\libc_nano.a(libc_a-memset.o)
                              C:/ST/STM32CubeIDE_1.19.0/STM32CubeIDE/plugins/com.st.stm32cube.ide.mcu.externaltools.gnu-tools-for-stm32.13.3.rel1.win32_1.0.0.202411081344/tools/bin/../lib/gcc/arm-none-eabi/13.3.1/../../../../arm-none-eabi/lib/thumb/v7e-m/nofp/crt0.o (memset)
C:/ST/STM32CubeIDE_1.19.0/STM32CubeIDE/plugins/com.st.stm32cube.ide.mcu.externaltools.gnu-tools-for-stm32.13.3.rel1.win32_1.0.0.202411081344/tools/bin/../lib/gcc/arm-none-eabi/13.3.1/../../../../arm-none-eabi/lib/thumb/v7e-m/nofp\libc_nano.a(libc_a-closer.o)
                              C:/ST/STM32CubeIDE_1.19.0/STM32CubeIDE/plugins/com.st.stm32cube.ide.mcu.externaltools.gnu-tools-for-stm32.13.3.rel1.win32_1.0.0.202411081344/tools/bin/../lib/gcc/arm-none-eabi/13.3.1/../../../../arm-none-eabi/lib/thumb/v7e-m/nofp\libc_nano.a(libc_a-stdio.o) (_close_r)
C:/ST/STM32CubeIDE_1.19.0/STM32CubeIDE/plugins/com.st.stm32cube.ide.mcu.externaltools.gnu-tools-for-stm32.13.3.rel1.win32_1.0.0.202411081344/tools/bin/../lib/gcc/arm-none-eabi/13.3.1/../../../../arm-none-eabi/lib/thumb/v7e-m/nofp\libc_nano.a(libc_a-reent.o)
                              C:/ST/STM32CubeIDE_1.19.0/STM32CubeIDE/plugins/com.st.stm32cube.ide.mcu.externaltools.gnu-tools-for-stm32.13.3.rel1.win32_1.0.0.202411081344/tools/bin/../lib/gcc/arm-none-eabi/13.3.1/../../../../arm-none-eabi/lib/thumb/v7e-m/nofp\libc_nano.a(libc_a-closer.o) (errno)
C:/ST/STM32CubeIDE_1.19.0/STM32CubeIDE/plugins/com.st.stm32cube.ide.mcu.externaltools.gnu-tools-for-stm32.13.3.rel1.win32_1.0.0.202411081344/tools/bin/../lib/gcc/arm-none-eabi/13.3.1/../../../../arm-none-eabi/lib/thumb/v7e-m/nofp\libc_nano.a(libc_a-impure.o)
                              C:/ST/STM32CubeIDE_1.19.0/STM32CubeIDE/plugins/com.st.stm32cube.ide.mcu.externaltools.gnu-tools-for-stm32.13.3.rel1.win32_1.0.0.202411081344/tools/bin/../lib/gcc/arm-none-eabi/13.3.1/../../../../arm-none-eabi/lib/thumb/v7e-m/nofp\libc_nano.a(libc_a-reent.o) (_impure_ptr)
C:/ST/STM32CubeIDE_1.19.0/STM32CubeIDE/plugins/com.st.stm32cube.ide.mcu.externaltools.gnu-tools-for-stm32.13.3.rel1.win32_1.0.0.202411081344/tools/bin/../lib/gcc/arm-none-eabi/13.3.1/../../../../arm-none-eabi/lib/thumb/v7e-m/nofp\libc_nano.a(libc_a-lseekr.o)
[...]
Memory Configuration

Name             Origin             Length             Attributes
CCMRAM           0x10000000         0x00010000         xrw
RAM              0x20000000         0x00020000         xrw
FLASH            0x08000000         0x00100000         xr
*default*        0x00000000         0xffffffff

Linker script and memory map

LOAD C:/ST/STM32CubeIDE_1.19.0/STM32CubeIDE/plugins/com.st.stm32cube.ide.mcu.externaltools.gnu-tools-for-stm32.13.3.rel1.win32_1.0.0.202411081344/tools/bin/../lib/gcc/arm-none-eabi/13.3.1/thumb/v7e-m/nofp/crti.o
LOAD C:/ST/STM32CubeIDE_1.19.0/STM32CubeIDE/plugins/com.st.stm32cube.ide.mcu.externaltools.gnu-tools-for-stm32.13.3.rel1.win32_1.0.0.202411081344/tools/bin/../lib/gcc/arm-none-eabi/13.3.1/thumb/v7e-m/nofp/crtbegin.o
LOAD C:/ST/STM32CubeIDE_1.19.0/STM32CubeIDE/plugins/com.st.stm32cube.ide.mcu.externaltools.gnu-tools-for-stm32.13.3.rel1.win32_1.0.0.202411081344/tools/bin/../lib/gcc/arm-none-eabi/13.3.1/../../../../arm-none-eabi/lib/thumb/v7e-m/nofp/crt0.o
LOAD ./Src/ext_intr.o
LOAD ./Src/itm.o
LOAD ./Src/main.o
LOAD ./Src/my_led.o
LOAD ./Src/syscalls.o
LOAD ./Src/sysmem.o
LOAD ./Src/system_stm32f4xx.o
LOAD ./Startup/startup_stm32f407vgtx.o
START GROUP
LOAD C:/ST/STM32CubeIDE_1.19.0/STM32CubeIDE/plugins/com.st.stm32cube.ide.mcu.externaltools.gnu-tools-for-stm32.13.3.rel1.win32_1.0.0.202411081344/tools/bin/../lib/gcc/arm-none-eabi/13.3.1/../../../../arm-none-eabi/lib/thumb/v7e-m/nofp\libc_nano.a
LOAD C:/ST/STM32CubeIDE_1.19.0/STM32CubeIDE/plugins/com.st.stm32cube.ide.mcu.externaltools.gnu-tools-for-stm32.13.3.rel1.win32_1.0.0.202411081344/tools/bin/../lib/gcc/arm-none-eabi/13.3.1/../../../../arm-none-eabi/lib/thumb/v7e-m/nofp\libm.a
END GROUP
START GROUP
LOAD C:/ST/STM32CubeIDE_1.19.0/STM32CubeIDE/plugins/com.st.stm32cube.ide.mcu.externaltools.gnu-tools-for-stm32.13.3.rel1.win32_1.0.0.202411081344/tools/bin/../lib/gcc/arm-none-eabi/13.3.1/thumb/v7e-m/nofp\libgcc.a
LOAD C:/ST/STM32CubeIDE_1.19.0/STM32CubeIDE/plugins/com.st.stm32cube.ide.mcu.externaltools.gnu-tools-for-stm32.13.3.rel1.win32_1.0.0.202411081344/tools/bin/../lib/gcc/arm-none-eabi/13.3.1/../../../../arm-none-eabi/lib/thumb/v7e-m/nofp\libc_nano.a
END GROUP
START GROUP
LOAD C:/ST/STM32CubeIDE_1.19.0/STM32CubeIDE/plugins/com.st.stm32cube.ide.mcu.externaltools.gnu-tools-for-stm32.13.3.rel1.win32_1.0.0.202411081344/tools/bin/../lib/gcc/arm-none-eabi/13.3.1/thumb/v7e-m/nofp\libgcc.a
LOAD C:/ST/STM32CubeIDE_1.19.0/STM32CubeIDE/plugins/com.st.stm32cube.ide.mcu.externaltools.gnu-tools-for-stm32.13.3.rel1.win32_1.0.0.202411081344/tools/bin/../lib/gcc/arm-none-eabi/13.3.1/../../../../arm-none-eabi/lib/thumb/v7e-m/nofp\libc_nano.a
LOAD C:/ST/STM32CubeIDE_1.19.0/STM32CubeIDE/plugins/com.st.stm32cube.ide.mcu.externaltools.gnu-tools-for-stm32.13.3.rel1.win32_1.0.0.202411081344/tools/bin/../lib/gcc/arm-none-eabi/13.3.1/../../../../arm-none-eabi/lib/thumb/v7e-m/nofp\libnosys.a
END GROUP
START GROUP
LOAD C:/ST/STM32CubeIDE_1.19.0/STM32CubeIDE/plugins/com.st.stm32cube.ide.mcu.externaltools.gnu-tools-for-stm32.13.3.rel1.win32_1.0.0.202411081344/tools/bin/../lib/gcc/arm-none-eabi/13.3.1/thumb/v7e-m/nofp\libgcc.a
LOAD C:/ST/STM32CubeIDE_1.19.0/STM32CubeIDE/plugins/com.st.stm32cube.ide.mcu.externaltools.gnu-tools-for-stm32.13.3.rel1.win32_1.0.0.202411081344/tools/bin/../lib/gcc/arm-none-eabi/13.3.1/../../../../arm-none-eabi/lib/thumb/v7e-m/nofp\libc_nano.a
LOAD C:/ST/STM32CubeIDE_1.19.0/STM32CubeIDE/plugins/com.st.stm32cube.ide.mcu.externaltools.gnu-tools-for-stm32.13.3.rel1.win32_1.0.0.202411081344/tools/bin/../lib/gcc/arm-none-eabi/13.3.1/../../../../arm-none-eabi/lib/thumb/v7e-m/nofp\libnosys.a
END GROUP
LOAD C:/ST/STM32CubeIDE_1.19.0/STM32CubeIDE/plugins/com.st.stm32cube.ide.mcu.externaltools.gnu-tools-for-stm32.13.3.rel1.win32_1.0.0.202411081344/tools/bin/../lib/gcc/arm-none-eabi/13.3.1/thumb/v7e-m/nofp/crtend.o
LOAD C:/ST/STM32CubeIDE_1.19.0/STM32CubeIDE/plugins/com.st.stm32cube.ide.mcu.externaltools.gnu-tools-for-stm32.13.3.rel1.win32_1.0.0.202411081344/tools/bin/../lib/gcc/arm-none-eabi/13.3.1/thumb/v7e-m/nofp/crtn.o
                0x20020000                        _estack = (ORIGIN (RAM) + LENGTH (RAM))
                0x00000200                        _Min_Heap_Size = 0x200
                0x00000400                        _Min_Stack_Size = 0x400

.isr_vector     0x08000000      0x188
                0x08000000                        . = ALIGN (0x4)
 *(.isr_vector)
 .isr_vector    0x08000000      0x188 ./Startup/startup_stm32f407vgtx.o
                0x08000000                g_pfnVectors
                0x08000188                        . = ALIGN (0x4)

.text           0x08000188      0x340
                0x08000188                        . = ALIGN (0x4)
 *(.text)
 .text          0x08000188       0x40 C:/ST/STM32CubeIDE_1.19.0/STM32CubeIDE/plugins/com.st.stm32cube.ide.mcu.externaltools.gnu-tools-for-stm32.13.3.rel1.win32_1.0.0.202411081344/tools/bin/../lib/gcc/arm-none-eabi/13.3.1/thumb/v7e-m/nofp/crtbegin.o
 *(.text*)
 .text.__NVIC_EnableIRQ
                0x080001c8       0x38 ./Src/ext_intr.o
 .text.extint_init
                0x08000200       0x68 ./Src/ext_intr.o
                0x08000200                extint_init
 .text.EXTI0_IRQHandler
                0x08000268       0x28 ./Src/ext_intr.o
                0x08000268                EXTI0_IRQHandler
 .text.main     0x08000290       0x48 ./Src/main.o
                0x08000290                main
 .text.led_init
                0x080002d8       0x74 ./Src/my_led.o
                0x080002d8                led_init
 .text.led_on   0x0800034c       0x2c ./Src/my_led.o
                0x0800034c                led_on
 .text.led_off  0x08000378       0x30 ./Src/my_led.o
                0x08000378                led_off
 .text.SystemInit
                0x080003a8        0xc ./Src/system_stm32f4xx.o
                0x080003a8                SystemInit
 .text.DWT_Init
                0x080003b4       0x60 ./Src/system_stm32f4xx.o
                0x080003b4                DWT_Init
 .text.Reset_Handler
                0x08000414       0x50 ./Startup/startup_stm32f407vgtx.o
                0x08000414                Reset_Handler
 .text.Default_Handler
                0x08000464        0x2 ./Startup/startup_stm32f407vgtx.o
                0x08000464                RTC_Alarm_IRQHandler
                0x08000464                HASH_RNG_IRQHandler
                0x08000464                EXTI2_IRQHandler
                0x08000464                TIM8_CC_IRQHandler
                0x08000464                DebugMon_Handler
                0x08000464                TIM1_CC_IRQHandler
                0x08000464                DMA2_Stream5_IRQHandler
                0x08000464                HardFault_Handler
                0x08000464                DMA1_Stream5_IRQHandler
                0x08000464                SysTick_Handler
                0x08000464                PVD_IRQHandler
                0x08000464                SDIO_IRQHandler
                0x08000464                TAMP_STAMP_IRQHandler
                0x08000464                PendSV_Handler
                0x08000464                NMI_Handler
                0x08000464                CAN2_RX1_IRQHandler
                0x08000464                EXTI3_IRQHandler
                0x08000464                TIM8_TRG_COM_TIM14_IRQHandler
                0x08000464                TIM1_UP_TIM10_IRQHandler
                0x08000464                TIM8_UP_TIM13_IRQHandler
                0x08000464                I2C3_ER_IRQHandler
                0x08000464                I2C2_EV_IRQHandler
                0x08000464                DMA1_Stream2_IRQHandler
                0x08000464                CAN1_RX0_IRQHandler
                0x08000464                FPU_IRQHandler
                0x08000464                OTG_HS_WKUP_IRQHandler
                0x08000464                UsageFault_Handler
                0x08000464                CAN2_SCE_IRQHandler
                0x08000464                DMA2_Stream2_IRQHandler
                0x08000464                SPI1_IRQHandler
                0x08000464                TIM6_DAC_IRQHandler
                0x08000464                TIM1_BRK_TIM9_IRQHandler
                0x08000464                DCMI_IRQHandler
                0x08000464                CAN2_RX0_IRQHandler
                0x08000464                DMA2_Stream3_IRQHandler
                0x08000464                USART6_IRQHandler
                0x08000464                USART3_IRQHandler
                0x08000464                CRYP_IRQHandler
                0x08000464                CAN1_RX1_IRQHandler
                0x08000464                UART5_IRQHandler
                0x08000464                DMA2_Stream0_IRQHandler
                0x08000464                TIM4_IRQHandler
                0x08000464                I2C1_EV_IRQHandler
                0x08000464                DMA1_Stream6_IRQHandler
                0x08000464                DMA1_Stream1_IRQHandler
                0x08000464                UART4_IRQHandler
                0x08000464                TIM3_IRQHandler
                0x08000464                RCC_IRQHandler
                0x08000464                TIM8_BRK_TIM12_IRQHandler
                0x08000464                Default_Handler
                0x08000464                EXTI15_10_IRQHandler
                0x08000464                ADC_IRQHandler
                0x08000464                DMA1_Stream7_IRQHandler
                0x08000464                TIM7_IRQHandler
                0x08000464                CAN2_TX_IRQHandler
                0x08000464                TIM5_IRQHandler
                0x08000464                DMA2_Stream7_IRQHandler
                0x08000464                I2C3_EV_IRQHandler
                0x08000464                EXTI9_5_IRQHandler
                0x08000464                RTC_WKUP_IRQHandler
                0x08000464                ETH_WKUP_IRQHandler
                0x08000464                SPI2_IRQHandler
                0x08000464                OTG_HS_EP1_IN_IRQHandler
                0x08000464                MemManage_Handler
                0x08000464                DMA1_Stream0_IRQHandler
                0x08000464                CAN1_TX_IRQHandler
                0x08000464                SVC_Handler
                0x08000464                EXTI4_IRQHandler
                0x08000464                FSMC_IRQHandler
                0x08000464                ETH_IRQHandler
                0x08000464                OTG_HS_EP1_OUT_IRQHandler
                0x08000464                WWDG_IRQHandler
                0x08000464                TIM2_IRQHandler
                0x08000464                OTG_FS_WKUP_IRQHandler
                0x08000464                TIM1_TRG_COM_TIM11_IRQHandler
                0x08000464                OTG_HS_IRQHandler
                0x08000464                EXTI1_IRQHandler
                0x08000464                USART2_IRQHandler
                0x08000464                I2C2_ER_IRQHandler
                0x08000464                DMA2_Stream1_IRQHandler
                0x08000464                CAN1_SCE_IRQHandler
                0x08000464                DMA2_Stream4_IRQHandler
                0x08000464                BusFault_Handler
                0x08000464                USART1_IRQHandler
                0x08000464                OTG_FS_IRQHandler
                0x08000464                SPI3_IRQHandler
                0x08000464                DMA1_Stream4_IRQHandler
                0x08000464                I2C1_ER_IRQHandler
                0x08000464                DMA2_Stream6_IRQHandler
                0x08000464                DMA1_Stream3_IRQHandler
 *fill*         0x08000466        0x2 
 .text.__libc_init_array
                0x08000468       0x48 C:/ST/STM32CubeIDE_1.19.0/STM32CubeIDE/plugins/com.st.stm32cube.ide.mcu.externaltools.gnu-tools-for-stm32.13.3.rel1.win32_1.0.0.202411081344/tools/bin/../lib/gcc/arm-none-eabi/13.3.1/../../../../arm-none-eabi/lib/thumb/v7e-m/nofp\libc_nano.a(libc_a-init.o)
                0x08000468                __libc_init_array
 *(.glue_7)
 .glue_7        0x080004b0        0x0 linker stubs
 *(.glue_7t)
 .glue_7t       0x080004b0        0x0 linker stubs
 *(.eh_frame)
 .eh_frame      0x080004b0        0x0 C:/ST/STM32CubeIDE_1.19.0/STM32CubeIDE/plugins/com.st.stm32cube.ide.mcu.externaltools.gnu-tools-for-stm32.13.3.rel1.win32_1.0.0.202411081344/tools/bin/../lib/gcc/arm-none-eabi/13.3.1/thumb/v7e-m/nofp/crtbegin.o
 *(.init)
 .init          0x080004b0        0x4 C:/ST/STM32CubeIDE_1.19.0/STM32CubeIDE/plugins/com.st.stm32cube.ide.mcu.externaltools.gnu-tools-for-stm32.13.3.rel1.win32_1.0.0.202411081344/tools/bin/../lib/gcc/arm-none-eabi/13.3.1/thumb/v7e-m/nofp/crti.o
                0x080004b0                _init
 .init          0x080004b4        0x8 C:/ST/STM32CubeIDE_1.19.0/STM32CubeIDE/plugins/com.st.stm32cube.ide.mcu.externaltools.gnu-tools-for-stm32.13.3.rel1.win32_1.0.0.202411081344/tools/bin/../lib/gcc/arm-none-eabi/13.3.1/thumb/v7e-m/nofp/crtn.o
 *(.fini)
 .fini          0x080004bc        0x4 C:/ST/STM32CubeIDE_1.19.0/STM32CubeIDE/plugins/com.st.stm32cube.ide.mcu.externaltools.gnu-tools-for-stm32.13.3.rel1.win32_1.0.0.202411081344/tools/bin/../lib/gcc/arm-none-eabi/13.3.1/thumb/v7e-m/nofp/crti.o
                0x080004bc                _fini
 .fini          0x080004c0        0x8 C:/ST/STM32CubeIDE_1.19.0/STM32CubeIDE/plugins/com.st.stm32cube.ide.mcu.externaltools.gnu-tools-for-stm32.13.3.rel1.win32_1.0.0.202411081344/tools/bin/../lib/gcc/arm-none-eabi/13.3.1/thumb/v7e-m/nofp/crtn.o
                0x080004c8                        . = ALIGN (0x4)
                0x080004c8                        _etext = .

.vfp11_veneer   0x080004c8        0x0
 .vfp11_veneer  0x080004c8        0x0 linker stubs

.v4_bx          0x080004c8        0x0
 .v4_bx         0x080004c8        0x0 linker stubs

.iplt           0x080004c8        0x0
 .iplt          0x080004c8        0x0 C:/ST/STM32CubeIDE_1.19.0/STM32CubeIDE/plugins/com.st.stm32cube.ide.mcu.externaltools.gnu-tools-for-stm32.13.3.rel1.win32_1.0.0.202411081344/tools/bin/../lib/gcc/arm-none-eabi/13.3.1/thumb/v7e-m/nofp/crtbegin.o

.rodata         0x080004c8        0x0
                0x080004c8                        . = ALIGN (0x4)
 *(.rodata)
 *(.rodata*)
                0x080004c8                        . = ALIGN (0x4)

.ARM.extab      0x080004c8        0x0
                0x080004c8                        . = ALIGN (0x4)
 *(.ARM.extab* .gnu.linkonce.armextab.*)
                0x080004c8                        . = ALIGN (0x4)

.ARM            0x080004c8        0x0
                0x080004c8                        . = ALIGN (0x4)
                0x080004c8                        __exidx_start = .
 *(.ARM.exidx*)
                0x080004c8                        __exidx_end = .
                0x080004c8                        . = ALIGN (0x4)

.preinit_array  0x080004c8        0x0
                0x080004c8                        . = ALIGN (0x4)
                0x080004c8                        PROVIDE (__preinit_array_start = .)
 *(.preinit_array*)
                0x080004c8                        PROVIDE (__preinit_array_end = .)
                0x080004c8                        . = ALIGN (0x4)

.init_array     0x080004c8        0x4
                0x080004c8                        . = ALIGN (0x4)
                0x080004c8                        PROVIDE (__init_array_start = .)
 *(SORT_BY_NAME(.init_array.*))
 *(.init_array*)
 .init_array    0x080004c8        0x4 C:/ST/STM32CubeIDE_1.19.0/STM32CubeIDE/plugins/com.st.stm32cube.ide.mcu.externaltools.gnu-tools-for-stm32.13.3.rel1.win32_1.0.0.202411081344/tools/bin/../lib/gcc/arm-none-eabi/13.3.1/thumb/v7e-m/nofp/crtbegin.o
                0x080004cc                        PROVIDE (__init_array_end = .)
                0x080004cc                        . = ALIGN (0x4)

.fini_array     0x080004cc        0x4
                0x080004cc                        . = ALIGN (0x4)
                [!provide]                        PROVIDE (__fini_array_start = .)
 *(SORT_BY_NAME(.fini_array.*))
 *(.fini_array*)
 .fini_array    0x080004cc        0x4 C:/ST/STM32CubeIDE_1.19.0/STM32CubeIDE/plugins/com.st.stm32cube.ide.mcu.externaltools.gnu-tools-for-stm32.13.3.rel1.win32_1.0.0.202411081344/tools/bin/../lib/gcc/arm-none-eabi/13.3.1/thumb/v7e-m/nofp/crtbegin.o
                [!provide]                        PROVIDE (__fini_array_end = .)
                0x080004d0                        . = ALIGN (0x4)
                0x080004d0                        _sidata = LOADADDR (.data)

.rel.dyn        0x080004d0        0x0
 .rel.iplt      0x080004d0        0x0 C:/ST/STM32CubeIDE_1.19.0/STM32CubeIDE/plugins/com.st.stm32cube.ide.mcu.externaltools.gnu-tools-for-stm32.13.3.rel1.win32_1.0.0.202411081344/tools/bin/../lib/gcc/arm-none-eabi/13.3.1/thumb/v7e-m/nofp/crtbegin.o

.data           0x20000000        0x0 load address 0x080004d0
                0x20000000                        . = ALIGN (0x4)
                0x20000000                        _sdata = .
 *(.data)
 *(.data*)
 *(.RamFunc)
 *(.RamFunc*)
                0x20000000                        . = ALIGN (0x4)
                0x20000000                        _edata = .
                0x080004d0                        _siccmram = LOADADDR (.ccmram)

.igot.plt       0x20000000        0x0 load address 0x080004d0
 .igot.plt      0x20000000        0x0 C:/ST/STM32CubeIDE_1.19.0/STM32CubeIDE/plugins/com.st.stm32cube.ide.mcu.externaltools.gnu-tools-for-stm32.13.3.rel1.win32_1.0.0.202411081344/tools/bin/../lib/gcc/arm-none-eabi/13.3.1/thumb/v7e-m/nofp/crtbegin.o

.ccmram         0x10000000        0x0 load address 0x080004d0
                0x10000000                        . = ALIGN (0x4)
                0x10000000                        _sccmram = .
 *(.ccmram)
 *(.ccmram*)
                0x10000000                        . = ALIGN (0x4)
                0x10000000                        _eccmram = .
                0x10000000                        . = ALIGN (0x4)

.bss            0x20000000       0x24
                0x20000000                        _sbss = .
                0x20000000                        __bss_start__ = _sbss
 *(.bss)
 .bss           0x20000000       0x1c C:/ST/STM32CubeIDE_1.19.0/STM32CubeIDE/plugins/com.st.stm32cube.ide.mcu.externaltools.gnu-tools-for-stm32.13.3.rel1.win32_1.0.0.202411081344/tools/bin/../lib/gcc/arm-none-eabi/13.3.1/thumb/v7e-m/nofp/crtbegin.o
 *(.bss*)
 .bss.f         0x2000001c        0x4 ./Src/ext_intr.o
                0x2000001c                f
 .bss.led       0x20000020        0x4 ./Src/ext_intr.o
                0x20000020                led
 *(COMMON)
                0x20000024                        . = ALIGN (0x4)
                0x20000024                        _ebss = .
                0x20000024                        __bss_end__ = _ebss

._user_heap_stack
                0x20000024      0x604
                0x20000028                        . = ALIGN (0x8)
 *fill*         0x20000024        0x4 
                [!provide]                        PROVIDE (end = .)
                0x20000028                        PROVIDE (_end = .)
                0x20000228                        . = (. + _Min_Heap_Size)
 *fill*         0x20000028      0x200 
                0x20000628                        . = (. + _Min_Stack_Size)
 *fill*         0x20000228      0x400 
                0x20000628                        . = ALIGN (0x8)

/DISCARD/
 libc.a(*)
 libm.a(*)
 libgcc.a(*)

.ARM.attributes
                0x00000000       0x2a
 *(.ARM.attributes)
 .ARM.attributes
                0x00000000       0x1e C:/ST/STM32CubeIDE_1.19.0/STM32CubeIDE/plugins/com.st.stm32cube.ide.mcu.externaltools.gnu-tools-for-stm32.13.3.rel1.win32_1.0.0.202411081344/tools/bin/../lib/gcc/arm-none-eabi/13.3.1/thumb/v7e-m/nofp/crti.o
 .ARM.attributes
                0x0000001e       0x2e C:/ST/STM32CubeIDE_1.19.0/STM32CubeIDE/plugins/com.st.stm32cube.ide.mcu.externaltools.gnu-tools-for-stm32.13.3.rel1.win32_1.0.0.202411081344/tools/bin/../lib/gcc/arm-none-eabi/13.3.1/thumb/v7e-m/nofp/crtbegin.o
 .ARM.attributes
                0x0000004c       0x2e ./Src/ext_intr.o
 .ARM.attributes
                0x0000007a       0x2e ./Src/main.o
 .ARM.attributes
                0x000000a8       0x2e ./Src/my_led.o
 .ARM.attributes
                0x000000d6       0x2e ./Src/system_stm32f4xx.o
 .ARM.attributes
                0x00000104       0x21 ./Startup/startup_stm32f407vgtx.o
 .ARM.attributes
                0x00000125       0x2e C:/ST/STM32CubeIDE_1.19.0/STM32CubeIDE/plugins/com.st.stm32cube.ide.mcu.externaltools.gnu-tools-for-stm32.13.3.rel1.win32_1.0.0.202411081344/tools/bin/../lib/gcc/arm-none-eabi/13.3.1/../../../../arm-none-eabi/lib/thumb/v7e-m/nofp\libc_nano.a(libc_a-init.o)
 .ARM.attributes
                0x00000153       0x1e C:/ST/STM32CubeIDE_1.19.0/STM32CubeIDE/plugins/com.st.stm32cube.ide.mcu.externaltools.gnu-tools-for-stm32.13.3.rel1.win32_1.0.0.202411081344/tools/bin/../lib/gcc/arm-none-eabi/13.3.1/thumb/v7e-m/nofp/crtn.o
OUTPUT(assign5_3.c.elf elf32-littlearm)
LOAD linker stubs
LOAD C:/ST/STM32CubeIDE_1.19.0/STM32CubeIDE/plugins/com.st.stm32cube.ide.mcu.externaltools.gnu-tools-for-stm32.13.3.rel1.win32_1.0.0.202411081344/tools/bin/../lib/gcc/arm-none-eabi/13.3.1/../../../../arm-none-eabi/lib/thumb/v7e-m/nofp\libc.a
LOAD C:/ST/STM32CubeIDE_1.19.0/STM32CubeIDE/plugins/com.st.stm32cube.ide.mcu.externaltools.gnu-tools-for-stm32.13.3.rel1.win32_1.0.0.202411081344/tools/bin/../lib/gcc/arm-none-eabi/13.3.1/../../../../arm-none-eabi/lib/thumb/v7e-m/nofp\libm.a
LOAD C:/ST/STM32CubeIDE_1.19.0/STM32CubeIDE/plugins/com.st.stm32cube.ide.mcu.externaltools.gnu-tools-for-stm32.13.3.rel1.win32_1.0.0.202411081344/tools/bin/../lib/gcc/arm-none-eabi/13.3.1/thumb/v7e-m/nofp\libgcc.a

.debug_info     0x00000000     0x137d
 .debug_info    0x00000000      0x7c7 ./Src/ext_intr.o
 .debug_info    0x000007c7       0xf2 ./Src/main.o
 .debug_info    0x000008b9      0x54e ./Src/my_led.o
 .debug_info    0x00000e07      0x546 ./Src/system_stm32f4xx.o
 .debug_info    0x0000134d       0x30 ./Startup/startup_stm32f407vgtx.o

.debug_abbrev   0x00000000      0x4d1
 .debug_abbrev  0x00000000      0x168 ./Src/ext_intr.o
 .debug_abbrev  0x00000168       0xa4 ./Src/main.o
 .debug_abbrev  0x0000020c      0x13e ./Src/my_led.o
 .debug_abbrev  0x0000034a      0x163 ./Src/system_stm32f4xx.o
 .debug_abbrev  0x000004ad       0x24 ./Startup/startup_stm32f407vgtx.o

.debug_aranges  0x00000000       0xf0
 .debug_aranges
                0x00000000       0x30 ./Src/ext_intr.o
 .debug_aranges
                0x00000030       0x20 ./Src/main.o
 .debug_aranges
                0x00000050       0x40 ./Src/my_led.o
 .debug_aranges
                0x00000090       0x38 ./Src/system_stm32f4xx.o
 .debug_aranges
                0x000000c8       0x28 ./Startup/startup_stm32f407vgtx.o

.debug_rnglists
                0x00000000       0x9c
 .debug_rnglists
                0x00000000       0x1f ./Src/ext_intr.o
 .debug_rnglists
                0x0000001f       0x13 ./Src/main.o
 .debug_rnglists
                0x00000032       0x2b ./Src/my_led.o
 .debug_rnglists
                0x0000005d       0x26 ./Src/system_stm32f4xx.o
 .debug_rnglists
                0x00000083       0x19 ./Startup/startup_stm32f407vgtx.o

.debug_macro    0x00000000    0x1915e
 .debug_macro   0x00000000      0x1ab ./Src/ext_intr.o
 .debug_macro   0x000001ab      0xad8 ./Src/ext_intr.o
 .debug_macro   0x00000c83       0x22 ./Src/ext_intr.o
 .debug_macro   0x00000ca5       0x8e ./Src/ext_intr.o
 .debug_macro   0x00000d33       0x51 ./Src/ext_intr.o
 .debug_macro   0x00000d84      0x103 ./Src/ext_intr.o
 .debug_macro   0x00000e87       0x6a ./Src/ext_intr.o
 .debug_macro   0x00000ef1      0x1df ./Src/ext_intr.o
 .debug_macro   0x000010d0       0x61 ./Src/ext_intr.o
 .debug_macro   0x00001131       0x24 ./Src/ext_intr.o
 .debug_macro   0x00001155       0x43 ./Src/ext_intr.o
 .debug_macro   0x00001198       0x34 ./Src/ext_intr.o
 .debug_macro   0x000011cc       0x16 ./Src/ext_intr.o
 .debug_macro   0x000011e2       0x9e ./Src/ext_intr.o
 .debug_macro   0x00001280      0x370 ./Src/ext_intr.o
 .debug_macro   0x000015f0      0x112 ./Src/ext_intr.o
 .debug_macro   0x00001702       0x10 ./Src/ext_intr.o
 .debug_macro   0x00001712       0x16 ./Src/ext_intr.o
 .debug_macro   0x00001728       0x4a ./Src/ext_intr.o
 .debug_macro   0x00001772       0x34 ./Src/ext_intr.o
 .debug_macro   0x000017a6       0x10 ./Src/ext_intr.o
 .debug_macro   0x000017b6       0x58 ./Src/ext_intr.o
 .debug_macro   0x0000180e       0x8e ./Src/ext_intr.o
 .debug_macro   0x0000189c       0x1c ./Src/ext_intr.o
 .debug_macro   0x000018b8      0x185 ./Src/ext_intr.o
 .debug_macro   0x00001a3d       0x16 ./Src/ext_intr.o
 .debug_macro   0x00001a53       0x16 ./Src/ext_intr.o
 .debug_macro   0x00001a69      0x146 ./Src/ext_intr.o
 .debug_macro   0x00001baf       0x2f ./Src/ext_intr.o
 .debug_macro   0x00001bde       0x1c ./Src/ext_intr.o
 .debug_macro   0x00001bfa       0x22 ./Src/ext_intr.o
 .debug_macro   0x00001c1c       0xd9 ./Src/ext_intr.o
 .debug_macro   0x00001cf5     0x102d ./Src/ext_intr.o
 .debug_macro   0x00002d22      0x11f ./Src/ext_intr.o
 .debug_macro   0x00002e41    0x15e3c ./Src/ext_intr.o
 .debug_macro   0x00018c7d       0x28 ./Src/ext_intr.o
 .debug_macro   0x00018ca5      0x1b5 ./Src/main.o
 .debug_macro   0x00018e5a      0x1ab ./Src/my_led.o
 .debug_macro   0x00019005       0xe1 ./Src/system_stm32f4xx.o
 .debug_macro   0x000190e6       0x2e ./Src/system_stm32f4xx.o
 .debug_macro   0x00019114       0x4a ./Src/system_stm32f4xx.o

.debug_line     0x00000000     0x1941
 .debug_line    0x00000000      0x665 ./Src/ext_intr.o
 .debug_line    0x00000665      0x615 ./Src/main.o
 .debug_line    0x00000c7a      0x6c1 ./Src/my_led.o
 .debug_line    0x0000133b      0x58b ./Src/system_stm32f4xx.o
 .debug_line    0x000018c6       0x7b ./Startup/startup_stm32f407vgtx.o

.debug_str      0x00000000    0x8bdd4
 .debug_str     0x00000000    0x8bdd4 ./Src/ext_intr.o
                              0x8bac3 (size before relaxing)
 .debug_str     0x0008bdd4    0x8b3fc ./Src/main.o
 .debug_str     0x0008bdd4    0x8b5ee ./Src/my_led.o
 .debug_str     0x0008bdd4    0x87e0f ./Src/system_stm32f4xx.o
 .debug_str     0x0008bdd4       0x5a ./Startup/startup_stm32f407vgtx.o

.comment        0x00000000       0x43
 .comment       0x00000000       0x43 ./Src/ext_intr.o
                                 0x44 (size before relaxing)
 .comment       0x00000043       0x44 ./Src/main.o
 .comment       0x00000043       0x44 ./Src/my_led.o
 .comment       0x00000043       0x44 ./Src/system_stm32f4xx.o

.debug_frame    0x00000000      0x21c
 .debug_frame   0x00000000       0x74 ./Src/ext_intr.o
 .debug_frame   0x00000074       0x2c ./Src/main.o
 .debug_frame   0x000000a0       0xcc ./Src/my_led.o
 .debug_frame   0x0000016c       0x84 ./Src/system_stm32f4xx.o
 .debug_frame   0x000001f0       0x2c C:/ST/STM32CubeIDE_1.19.0/STM32CubeIDE/plugins/com.st.stm32cube.ide.mcu.externaltools.gnu-tools-for-stm32.13.3.rel1.win32_1.0.0.202411081344/tools/bin/../lib/gcc/arm-none-eabi/13.3.1/../../../../arm-none-eabi/lib/thumb/v7e-m/nofp\libc_nano.a(libc_a-init.o)

.debug_loclists
                0x00000000       0x25
 .debug_loclists
                0x00000000       0x25 ./Src/system_stm32f4xx.o

.debug_line_str
                0x00000000       0x3e
 .debug_line_str
                0x00000000       0x3e ./Startup/startup_stm32f407vgtx.o
